// Jest Snapshot v1, https://goo.gl/fbAQLP

exports[`Repository renders the Repository component correctly 1`] = `
<DocumentFragment>
  <div
    class="repository"
    data-testid="repository"
  >
    <select />
    <div
      class="repository-images"
      data-testid="images"
    >
      <div>
        <img
          alt="user"
          src="undefined/images/habana/0.jpg"
        />
      </div>
      <div>
        <img
          alt="user"
          src="undefined/images/habana/1.jpg"
        />
      </div>
      <div>
        <img
          alt="user"
          src="undefined/images/habana/2.jpg"
        />
      </div>
      <div>
        <img
          alt="user"
          src="undefined/images/habana/3.jpg"
        />
      </div>
      <div>
        <img
          alt="user"
          src="undefined/images/habana/4.jpg"
        />
      </div>
      <div>
        <img
          alt="user"
          src="undefined/images/habana/5.jpg"
        />
      </div>
      <div>
        <img
          alt="user"
          src="undefined/images/habana/6.jpg"
        />
      </div>
      <div>
        <img
          alt="user"
          src="undefined/images/habana/7.jpg"
        />
      </div>
      <div>
        <img
          alt="user"
          src="undefined/images/habana/8.jpg"
        />
      </div>
      <div>
        <img
          alt="user"
          src="undefined/images/habana/9.jpg"
        />
      </div>
      <div>
        <img
          alt="user"
          src="undefined/images/habana/10.jpg"
        />
      </div>
      <div>
        <img
          alt="user"
          src="undefined/images/habana/11.jpg"
        />
      </div>
      <div>
        <img
          alt="user"
          src="undefined/images/habana/12.jpg"
        />
      </div>
      <div>
        <img
          alt="user"
          src="undefined/images/habana/13.jpg"
        />
      </div>
      <div>
        <img
          alt="user"
          src="undefined/images/habana/14.jpg"
        />
      </div>
      <div>
        <img
          alt="user"
          src="undefined/images/habana/15.jpg"
        />
      </div>
      <div>
        <img
          alt="user"
          src="undefined/images/habana/16.jpg"
        />
      </div>
      <div>
        <img
          alt="user"
          src="undefined/images/habana/17.jpg"
        />
      </div>
      <div>
        <img
          alt="user"
          src="undefined/images/habana/18.jpg"
        />
      </div>
      <div>
        <img
          alt="user"
          src="undefined/images/habana/19.jpg"
        />
      </div>
    </div>
  </div>
</DocumentFragment>
`;
