// Jest Snapshot v1, https://goo.gl/fbAQLP

exports[`Historical should render correctly 1`] = `
<DocumentFragment>
  <div
    class="board"
  >
    <button
      class=""
      id="0"
    />
    <button
      class=""
      id="1"
    />
    <button
      class=""
      id="2"
      style="background-image: url(undefined/images/soccer/1.jpg);"
    />
    <button
      class=""
      id="3"
      style="background-image: url(undefined/images/soccer/0.jpg);"
    />
    <button
      class=""
      id="4"
    />
    <button
      class=""
      id="5"
    />
    <button
      class=""
      id="6"
    />
    <button
      class=""
      id="7"
    />
    <button
      class=""
      id="8"
    />
  </div>
</DocumentFragment>
`;
