// Jest Snapshot v1, https://goo.gl/fbAQLP

exports[`Navigation renders the Navigation component correctly 1`] = `
<DocumentFragment>
  <nav>
    <input
      data-testid="mobile-menu-chk"
      id="menu"
      type="checkbox"
    />
    <label
      class="mylabel"
      for="menu"
    >
      <div
        id="burger-container"
      >
        <div
          id="burger"
        >
          <span>
             
          </span>
          <span>
             
          </span>
          <span>
             
          </span>
        </div>
      </div>
    </label>
    <ul
      class="nav"
      data-testid="nav"
    >
      <li>
        <a
          aria-current="page"
          class="active"
          href="/"
        >
          Game
        </a>
      </li>
      <li>
        <a
          href="/historical"
        >
          Historical
        </a>
      </li>
      <li>
        <a
          href="/repository"
        >
          Repository
        </a>
      </li>
      <li>
        <a
          href="/about"
        >
          About
        </a>
      </li>
      <li>
        <a
          href="/contact"
        >
          Contact
        </a>
      </li>
      <li>
        <button />
      </li>
    </ul>
  </nav>
</DocumentFragment>
`;
